// Jest Snapshot v1, https://goo.gl/fbAQLP

exports[`should render EditExpensePage 1`] = `
<div>
  <ExpenseFrom
    expense={
      Object {
        "amount": 250000,
        "createdAt": 345600000,
        "description": "new mortgage",
        "id": "3",
        "note": "this was the new mortgage payment",
      }
    }
    onSubmit={[Function]}
  />
  <button
    onClick={[Function]}
  >
    Remove
  </button>
</div>
`;
